// Jest Snapshot v1, https://goo.gl/fbAQLP

exports[`<Everything /> matches snapshot 1`] = `
<div>
  <div
    class="makeStyles-root-1"
  >
    <div
      class="makeStyles-heading-3"
      data-testid="loading-header"
    >
      <h5
        class="MuiTypography-root MuiTypography-h5 MuiTypography-colorInherit"
      >
        Everything
      </h5>
    </div>
    <div
      class="makeStyles-tableWrapper-2"
    >
      <div
        style="overflow: visible; height: 0px; width: 0px;"
      >
        <div
          aria-colcount="9"
          aria-rowcount="8"
          class="ReactVirtualized__Table"
          role="grid"
        >
          <div
            class="ReactVirtualized__Table__headerRow MuiVirtualizedTable-tableRow-66 MuiVirtualizedTable-flexContainer-65"
            role="row"
            style="height: 48px; overflow: hidden; padding-right: 0px; width: 0px;"
          >
            <div
              class="ReactVirtualized__Table__headerColumn"
              role="columnheader"
              style="flex: 0 1 120px;"
            >
              <div
                class="MuiTableCell-root MuiVirtualizedTable-tableCell-68 MuiVirtualizedTable-flexContainer-65 MuiTableCell-alignLeft MuiTableCell-head"
                style="height: 48px;"
              >
                <p
                  class="MuiTypography-root MuiTypography-body2"
                >
                  Number
                   
                  
                </p>
              </div>
            </div>
            <div
              class="ReactVirtualized__Table__headerColumn"
              role="columnheader"
              style="flex: 0 1 140px;"
            >
              <div
                class="MuiTableCell-root MuiVirtualizedTable-tableCell-68 MuiVirtualizedTable-flexContainer-65 MuiTableCell-alignLeft MuiTableCell-head"
                style="height: 48px;"
              >
                <p
                  class="MuiTypography-root MuiTypography-body2"
                >
                  Type
                   
                  
                </p>
              </div>
            </div>
            <div
              class="ReactVirtualized__Table__headerColumn"
              role="columnheader"
              style="flex: 0 1 110px;"
            >
              <div
                class="MuiTableCell-root MuiVirtualizedTable-tableCell-68 MuiVirtualizedTable-flexContainer-65 MuiTableCell-alignLeft MuiTableCell-head"
                style="height: 48px;"
              >
                <p
                  class="MuiTypography-root MuiTypography-body2"
                >
                  Size
                   
                  
                </p>
              </div>
            </div>
            <div
              class="ReactVirtualized__Table__headerColumn"
              role="columnheader"
              style="flex: 0 1 180px;"
            >
              <div
                class="MuiTableCell-root MuiVirtualizedTable-tableCell-68 MuiVirtualizedTable-flexContainer-65 MuiTableCell-alignLeft MuiTableCell-head"
                style="height: 48px;"
              >
                <p
                  class="MuiTypography-root MuiTypography-body2"
                >
                  Assigned To
                   
                  
                </p>
              </div>
            </div>
            <div
              class="ReactVirtualized__Table__headerColumn"
              role="columnheader"
              style="flex: 0 1 210px;"
            >
              <div
                class="MuiTableCell-root MuiVirtualizedTable-tableCell-68 MuiVirtualizedTable-flexContainer-65 MuiTableCell-alignLeft MuiTableCell-head"
                style="height: 48px;"
              >
                <p
                  class="MuiTypography-root MuiTypography-body2"
                >
                  Location
                   
                  
                </p>
              </div>
            </div>
            <div
              class="ReactVirtualized__Table__headerColumn"
              role="columnheader"
              style="flex: 0 1 120px;"
            >
              <div
                class="MuiTableCell-root MuiVirtualizedTable-tableCell-68 MuiVirtualizedTable-flexContainer-65 MuiTableCell-alignLeft MuiTableCell-head"
                style="height: 48px;"
              >
                <p
                  class="MuiTypography-root MuiTypography-body2"
                >
                  Condition
                   
                  
                </p>
              </div>
            </div>
            <div
              class="ReactVirtualized__Table__headerColumn"
              role="columnheader"
              style="flex: 0 1 110px;"
            >
              <div
                class="MuiTableCell-root MuiVirtualizedTable-tableCell-68 MuiVirtualizedTable-flexContainer-65 MuiTableCell-alignLeft MuiTableCell-head"
                style="height: 48px;"
              >
                <p
                  class="MuiTypography-root MuiTypography-body2"
                >
                  Quality
                   
                  
                </p>
              </div>
            </div>
            <div
              class="ReactVirtualized__Table__headerColumn"
              role="columnheader"
              style="flex: 0 1 100px;"
            >
              <div
                class="MuiTableCell-root MuiVirtualizedTable-tableCell-68 MuiVirtualizedTable-flexContainer-65 MuiTableCell-alignLeft MuiTableCell-head"
                style="height: 48px;"
              >
                <p
                  class="MuiTypography-root MuiTypography-body2"
                >
                  Gifted
                   
                  
                </p>
              </div>
            </div>
            <div
              class="ReactVirtualized__Table__headerColumn"
              role="columnheader"
              style="flex: 0 1 200px;"
            >
              <div
                class="MuiTableCell-root MuiVirtualizedTable-tableCell-68 MuiVirtualizedTable-flexContainer-65 MuiVirtualizedTable-noClick-69 MuiTableCell-alignLeft MuiTableCell-head"
                style="height: 48px;"
              >
                <p
                  class="MuiTypography-root MuiTypography-body2"
                >
                  History
                   
                  
                </p>
              </div>
            </div>
          </div>
          <div
            aria-label="grid"
            aria-readonly="true"
            class="ReactVirtualized__Grid ReactVirtualized__Table__Grid"
            role="rowgroup"
            style="box-sizing: border-box; direction: ltr; height: -48px; position: relative; width: 0px; will-change: transform; overflow-x: hidden; overflow-y: auto;"
            tabindex="0"
          />
        </div>
      </div>
      <div
        class="resize-triggers"
      >
        <div
          class="expand-trigger"
        >
          <div
            style="width: 1px; height: 1px;"
          />
        </div>
        <div
          class="contract-trigger"
        />
      </div>
    </div>
  </div>
</div>
`;
