// Jest Snapshot v1, https://goo.gl/fbAQLP

exports[`<SignOut /> matches snapshot 1`] = `
<div>
  <div
    class="MuiPaper-root MuiPaper-elevation1 WithStyles(ForwardRef(Paper))-root-1 MuiPaper-rounded"
  >
    <div
      class="makeStyles-heading-29"
      data-testid="loading-header"
    >
      <h5
        class="MuiTypography-root MuiTypography-h5 MuiTypography-colorInherit"
      >
        Sign Out an Instrument
      </h5>
    </div>
    <form
      data-testid="schema-form"
      novalidate=""
    >
      <div>
        <div
          class="MuiFormControl-root MuiFormControl-fullWidth"
        >
          <label
            class="MuiFormLabel-root MuiInputLabel-root MuiInputLabel-formControl MuiInputLabel-animated Mui-required Mui-required"
            data-shrink="false"
            for="scanner-field"
          >
            Instrument Number
            <span
              class="MuiFormLabel-asterisk MuiInputLabel-asterisk"
            >
               
              *
            </span>
          </label>
          <div
            class="MuiInputBase-root MuiInput-root MuiInput-underline MuiInputBase-formControl MuiInput-formControl MuiInputBase-adornedEnd"
            data-testid="scanner-input"
            required=""
          >
            <input
              aria-describedby="scanner-error"
              aria-invalid="false"
              class="MuiInputBase-input MuiInput-input MuiInputBase-inputAdornedEnd"
              id="scanner-field"
              required=""
              type="text"
              value=""
            />
            <div
              class="MuiInputAdornment-root MuiInputAdornment-positionEnd"
            >
              <button
                class="MuiButtonBase-root MuiIconButton-root"
                data-testid="scan-button"
                tabindex="0"
                title="Scan Barcode"
                type="button"
              >
                <span
                  class="MuiIconButton-label"
                >
                  <svg
                    aria-hidden="true"
                    class="svg-inline--fa fa-barcode fa-w-16 "
                    data-icon="barcode"
                    data-prefix="fas"
                    focusable="false"
                    role="img"
                    viewBox="0 0 512 512"
                    xmlns="http://www.w3.org/2000/svg"
                  >
                    <path
                      d="M0 448V64h18v384H0zm26.857-.273V64H36v383.727h-9.143zm27.143 0V64h8.857v383.727H54zm44.857 0V64h8.857v383.727h-8.857zm36 0V64h17.714v383.727h-17.714zm44.857 0V64h8.857v383.727h-8.857zm18 0V64h8.857v383.727h-8.857zm18 0V64h8.857v383.727h-8.857zm35.715 0V64h18v383.727h-18zm44.857 0V64h18v383.727h-18zm35.999 0V64h18.001v383.727h-18.001zm36.001 0V64h18.001v383.727h-18.001zm26.857 0V64h18v383.727h-18zm45.143 0V64h26.857v383.727h-26.857zm35.714 0V64h9.143v383.727H476zm18 .273V64h18v384h-18z"
                      fill="currentColor"
                    />
                  </svg>
                  <span
                    class="MuiTypography-root MuiTypography-srOnly"
                    data-testid="sr-text"
                  >
                    Scan Barcode
                  </span>
                </span>
                <span
                  class="MuiTouchRipple-root"
                />
              </button>
            </div>
          </div>
        </div>
        <div
          class="MuiFormControl-root MuiTextField-root MuiFormControl-marginDense MuiFormControl-fullWidth"
          description="Name of the Person to sign out to"
        >
          <label
            class="MuiFormLabel-root MuiInputLabel-root MuiInputLabel-formControl MuiInputLabel-animated MuiInputLabel-marginDense Mui-required Mui-required"
            data-shrink="false"
            for="uniforms-0000-0003"
          >
            Assigned To
            <span
              class="MuiFormLabel-asterisk MuiInputLabel-asterisk"
            >
               
              *
            </span>
          </label>
          <div
            class="MuiInputBase-root MuiInput-root MuiInput-underline MuiInputBase-fullWidth MuiInput-fullWidth MuiInputBase-formControl MuiInput-formControl MuiInputBase-marginDense"
          >
            <input
              aria-invalid="false"
              class="MuiInputBase-input MuiInput-input MuiInputBase-inputMarginDense MuiInput-inputMarginDense"
              id="uniforms-0000-0003"
              name="assignedTo"
              placeholder=""
              required=""
              type="text"
              value=""
            />
          </div>
        </div>
        <div
          class="MuiFormControl-root MuiTextField-root MuiFormControl-marginDense MuiFormControl-fullWidth"
        >
          <label
            class="MuiFormLabel-root MuiInputLabel-root MuiInputLabel-formControl MuiInputLabel-animated MuiInputLabel-marginDense Mui-required Mui-required"
            data-shrink="false"
          >
            Location
            <span
              class="MuiFormLabel-asterisk MuiInputLabel-asterisk"
            >
               
              *
            </span>
          </label>
          <div
            appearance="checkbox"
            class="MuiInputBase-root MuiInput-root MuiInput-underline MuiInputBase-fullWidth MuiInput-fullWidth MuiInputBase-formControl MuiInput-formControl MuiInputBase-marginDense"
            description="Primary location of instrument"
          >
            <div
              aria-haspopup="listbox"
              class="MuiSelect-root MuiSelect-select MuiSelect-selectMenu MuiInputBase-input MuiInput-input MuiInputBase-inputSelect MuiInputBase-inputMarginDense MuiInput-inputMarginDense"
              id="select-location"
              role="button"
              tabindex="0"
            >
              <span>
                ​
              </span>
            </div>
            <input
              id="uniforms-0000-0005"
              name="location"
              type="hidden"
              value=""
            />
            <svg
              aria-hidden="true"
              class="MuiSvgIcon-root MuiSelect-icon"
              focusable="false"
              role="presentation"
              viewBox="0 0 24 24"
            >
              <path
                d="M7 10l5 5 5-5z"
              />
            </svg>
          </div>
        </div>
      </div>
      <div
        class="MuiFormGroup-root MuiFormGroup-row"
      >
        <button
          class="MuiButtonBase-root MuiButton-root makeStyles-button-61 makeStyles-firstButton-63 makeStyles-lastButton-62 MuiButton-text MuiButton-textPrimary"
          tabindex="0"
          type="submit"
        >
          <span
            class="MuiButton-label"
          >
            Submit
          </span>
          <span
            class="MuiTouchRipple-root"
          />
        </button>
      </div>
    </form>
  </div>
</div>
`;
