// Jest Snapshot v1, https://goo.gl/fbAQLP

exports[`<LoadingHeader /> matches snapshot 1`] = `
<div>
  <div
    class="makeStyles-heading-1"
    data-testid="loading-header"
  >
    <h5
      class="MuiTypography-root MuiTypography-h5 MuiTypography-colorInherit"
    >
      test
    </h5>
  </div>
</div>
`;
