// Jest Snapshot v1, https://goo.gl/fbAQLP

exports[`<App /> matches snapshot 1`] = `
<div>
  <div
    class="makeStyles-root-4"
  >
    <header
      class="MuiPaper-root MuiPaper-elevation4 MuiAppBar-root MuiAppBar-positionFixed MuiAppBar-colorPrimary mui-fixed"
    >
      <div
        class="MuiToolbar-root MuiToolbar-regular MuiToolbar-gutters"
      >
        <button
          aria-label="Menu"
          class="MuiButtonBase-root MuiIconButton-root MuiIconButton-colorInherit"
          data-testid="open-drawer-button"
          tabindex="0"
          type="button"
        >
          <span
            class="MuiIconButton-label"
          >
            <svg
              aria-hidden="true"
              class="MuiSvgIcon-root"
              focusable="false"
              role="presentation"
              viewBox="0 0 24 24"
            >
              <path
                d="M3 18h18v-2H3v2zm0-5h18v-2H3v2zm0-7v2h18V6H3z"
              />
            </svg>
          </span>
          <span
            class="MuiTouchRipple-root"
          />
        </button>
        <h6
          class="MuiTypography-root makeStyles-grow-5 MuiTypography-h6 MuiTypography-colorInherit"
        >
          Instrument Inventory
        </h6>
        <a
          class="makeStyles-cleanLink-7"
          href="/login"
        >
          <button
            class="MuiButtonBase-root MuiButton-root makeStyles-barText-6 MuiButton-text MuiButton-colorInherit"
            data-testid="login-button"
            tabindex="0"
            type="button"
          >
            <span
              class="MuiButton-label"
            >
              Login
            </span>
            <span
              class="MuiTouchRipple-root"
            />
          </button>
        </a>
      </div>
    </header>
  </div>
  <div
    class="MuiToolbar-root MuiToolbar-regular MuiToolbar-gutters"
  />
  <div
    class="PrivateSwipeArea-root-145 PrivateSwipeArea-anchorLeft-146"
    style="width: 20px;"
  />
  <div
    class="App-devMarker-1"
  />
  <div
    class="App-devSpacer-2"
  />
  <h4
    class="App-devTitle-3"
  >
    Development Mode
  </h4>
  <div
    class="MuiPaper-root MuiPaper-elevation1 WithStyles(ForwardRef(Paper))-root-154 MuiPaper-rounded"
  >
    <div
      class="makeStyles-heading-155"
      data-testid="loading-header"
    >
      <h5
        class="MuiTypography-root MuiTypography-h5 MuiTypography-colorInherit"
      >
        Login
      </h5>
    </div>
    <form>
      <ul
        class="MuiList-root MuiList-padding"
      >
        <li
          class="MuiListItem-root MuiListItem-gutters"
        >
          <div
            class="MuiFormControl-root MuiFormControl-fullWidth"
          >
            <label
              class="MuiFormLabel-root MuiInputLabel-root MuiInputLabel-formControl MuiInputLabel-animated"
              data-shrink="false"
              for="email"
            >
              Email
            </label>
            <div
              class="MuiInputBase-root MuiInput-root MuiInput-underline MuiInputBase-formControl MuiInput-formControl"
              required=""
            >
              <input
                aria-describedby="email-error-text"
                aria-invalid="false"
                class="MuiInputBase-input MuiInput-input"
                id="email"
                required=""
                type="email"
                value=""
              />
            </div>
          </div>
        </li>
        <li
          class="MuiListItem-root MuiListItem-gutters"
        >
          <div
            class="MuiFormControl-root MuiFormControl-fullWidth"
          >
            <label
              class="MuiFormLabel-root MuiInputLabel-root MuiInputLabel-formControl MuiInputLabel-animated"
              data-shrink="false"
              for="password"
            >
              Password
            </label>
            <div
              class="MuiInputBase-root MuiInput-root MuiInput-underline MuiInputBase-formControl MuiInput-formControl"
              required=""
            >
              <input
                aria-describedby="password-error-text"
                aria-invalid="false"
                class="MuiInputBase-input MuiInput-input"
                id="password"
                required=""
                type="password"
                value=""
              />
            </div>
          </div>
        </li>
        <li
          class="MuiListItem-root MuiListItem-gutters"
        >
          <div
            class="MuiFormGroup-root Login-buttons-152 MuiFormGroup-row"
          >
            <a
              class="MuiTypography-root MuiLink-root MuiLink-underlineHover MuiTypography-colorPrimary"
              style="cursor: pointer;"
            >
              Forgot Password
            </a>
            <button
              class="MuiButtonBase-root MuiButton-root Login-lastButton-151 MuiButton-text MuiButton-textSecondary"
              tabindex="0"
              type="reset"
            >
              <span
                class="MuiButton-label"
              >
                Cancel
              </span>
              <span
                class="MuiTouchRipple-root"
              />
            </button>
            <button
              class="MuiButtonBase-root MuiButton-root Login-firstButton-153 MuiButton-text MuiButton-textPrimary Mui-disabled Mui-disabled"
              disabled=""
              tabindex="-1"
              type="submit"
            >
              <span
                class="MuiButton-label"
              >
                Login
              </span>
            </button>
          </div>
        </li>
      </ul>
    </form>
  </div>
</div>
`;
