// Jest Snapshot v1, https://goo.gl/fbAQLP

exports[`TodoList matches snapshot 1`] = `
<div>
  <div
    class="makeStyles-heading-1"
  >
    <h5
      class="MuiTypography-root MuiTypography-h5 MuiTypography-colorInherit"
    >
      Todo List
    </h5>
  </div>
  <br />
  <table
    class="MuiTable-root"
  >
    <thead
      class="MuiTableHead-root"
    >
      <tr
        class="MuiTableRow-root MuiTableRow-head"
      >
        <th
          class="MuiTableCell-root MuiTableCell-head MuiTableCell-sizeSmall"
          scope="col"
        >
          Status
        </th>
        <th
          class="MuiTableCell-root MuiTableCell-head MuiTableCell-sizeSmall"
          scope="col"
        >
          Task
        </th>
        <th
          class="MuiTableCell-root MuiTableCell-head MuiTableCell-sizeSmall"
          scope="col"
        >
          Instrument
        </th>
        <th
          class="MuiTableCell-root MuiTableCell-head MuiTableCell-sizeSmall"
          scope="col"
        >
          Actions
        </th>
      </tr>
    </thead>
    <tbody
      class="MuiTableBody-root"
    >
      <tr
        class="MuiTableRow-root MuiTableRow-hover"
      >
        <td
          class="MuiTableCell-root MuiTableCell-body MuiTableCell-sizeSmall"
        >
          <svg
            aria-hidden="true"
            class="MuiSvgIcon-root"
            focusable="false"
            role="presentation"
            style="margin-left: 3px;"
            viewBox="0 0 24 24"
          >
            <path
              d="M19 13h-6v6h-2v-6H5v-2h6V5h2v6h6v2z"
            />
            <path
              d="M0 0h24v24H0z"
              fill="none"
            />
          </svg>
        </td>
        <td
          class="MuiTableCell-root MuiTableCell-body MuiTableCell-sizeSmall"
        >
          Create Todo
        </td>
        <td
          class="MuiTableCell-root MuiTableCell-body MuiTableCell-sizeSmall"
        />
        <td
          class="MuiTableCell-root MuiTableCell-body MuiTableCell-sizeSmall"
        />
      </tr>
      <tr
        class="MuiTableRow-root MuiTableRow-hover"
      >
        <td
          class="MuiTableCell-root MuiTableCell-body MuiTableCell-sizeSmall"
        >
          <svg
            aria-hidden="true"
            class="MuiSvgIcon-root"
            focusable="false"
            role="presentation"
            viewBox="0 0 24 24"
          >
            <path
              d="M0 0h24v24H0z"
              fill="none"
            />
            <path
              d="M12 4l-1.41 1.41L16.17 11H4v2h12.17l-5.58 5.59L12 20l8-8z"
            />
          </svg>
        </td>
        <td
          class="MuiTableCell-root MuiTableCell-body MuiTableCell-sizeSmall"
        >
          Show 
          Completed
        </td>
        <td
          class="MuiTableCell-root MuiTableCell-body MuiTableCell-sizeSmall"
        />
        <td
          class="MuiTableCell-root MuiTableCell-body MuiTableCell-sizeSmall"
        />
      </tr>
    </tbody>
  </table>
</div>
`;
