// Jest Snapshot v1, https://goo.gl/fbAQLP

exports[`<Gifted /> renders 1`] = `
<div>
  <div
    class="MuiPaper-root MuiPaper-elevation1 MuiPaper-rounded WithStyles(ForwardRef(Paper))-root-1"
  >
    <div
      class="makeStyles-heading-29"
    >
      <h5
        class="MuiTypography-root MuiTypography-h5 MuiTypography-colorInherit"
      >
        Gifted Instruments
      </h5>
      <div
        class="MuiCircularProgress-root MuiCircularProgress-colorPrimary MuiCircularProgress-indeterminate makeStyles-loader-30"
        role="progressbar"
        style="width: 40px; height: 40px;"
      >
        <svg
          class="MuiCircularProgress-svg"
          viewBox="22 22 44 44"
        >
          <circle
            class="MuiCircularProgress-circle MuiCircularProgress-circleIndeterminate"
            cx="44"
            cy="44"
            fill="none"
            r="20.2"
            stroke-width="3.6"
          />
        </svg>
      </div>
    </div>
    <table
      class="MuiTable-root"
    >
      <thead
        class="MuiTableHead-root"
      >
        <tr
          class="MuiTableRow-root MuiTableRow-head"
        >
          <th
            class="MuiTableCell-root MuiTableCell-head"
            scope="col"
          >
            Instrument
          </th>
          <th
            class="MuiTableCell-root MuiTableCell-head"
            scope="col"
          >
            Size
          </th>
          <th
            class="MuiTableCell-root MuiTableCell-head"
            scope="col"
          >
            Assigned To
          </th>
          <th
            class="MuiTableCell-root MuiTableCell-head"
            scope="col"
          >
            Location
          </th>
        </tr>
      </thead>
      <tbody
        class="MuiTableBody-root"
      />
    </table>
  </div>
</div>
`;
