// Jest Snapshot v1, https://goo.gl/fbAQLP

exports[`<Everything /> matches snapshot 1`] = `
<div>
  <div
    class="makeStyles-root-1"
  >
    <div
      class="makeStyles-heading-3"
    >
      <h5
        class="MuiTypography-root MuiTypography-h5 MuiTypography-colorInherit"
      >
        Everything
      </h5>
      <div
        class="MuiCircularProgress-root MuiCircularProgress-colorPrimary MuiCircularProgress-indeterminate makeStyles-loader-4"
        role="progressbar"
        style="width: 40px; height: 40px;"
      >
        <svg
          class="MuiCircularProgress-svg"
          viewBox="22 22 44 44"
        >
          <circle
            class="MuiCircularProgress-circle MuiCircularProgress-circleIndeterminate"
            cx="44"
            cy="44"
            fill="none"
            r="20.2"
            stroke-width="3.6"
          />
        </svg>
      </div>
    </div>
    <svg
      aria-label="Loading interface..."
      preserveAspectRatio="none"
      role="img"
      viewBox="0 0 400 130"
    >
      <title>
        Loading interface...
      </title>
      <rect
        clip-path="url(#2xzxnxrzktn)"
        height="130"
        style="fill: url(#14pwyyg7xgi);"
        width="400"
        x="0"
        y="0"
      />
      <defs>
        <clippath
          id="2xzxnxrzktn"
        >
          <rect
            height="10"
            rx="3"
            ry="3"
            width="250"
            x="0"
            y="0"
          />
          <rect
            height="10"
            rx="3"
            ry="3"
            width="220"
            x="20"
            y="20"
          />
          <rect
            height="10"
            rx="3"
            ry="3"
            width="170"
            x="20"
            y="40"
          />
          <rect
            height="10"
            rx="3"
            ry="3"
            width="250"
            x="0"
            y="60"
          />
          <rect
            height="10"
            rx="3"
            ry="3"
            width="200"
            x="20"
            y="80"
          />
          <rect
            height="10"
            rx="3"
            ry="3"
            width="80"
            x="20"
            y="100"
          />
        </clippath>
        <lineargradient
          id="14pwyyg7xgi"
        >
          <stop
            offset="0%"
            stop-color="#f0f0f0"
            stop-opacity="1"
          >
            <animate
              attributeName="offset"
              dur="2s"
              keyTimes="0; 0.25; 1"
              repeatCount="indefinite"
              values="-2; -2; 1"
            />
          </stop>
          <stop
            offset="50%"
            stop-color="#e0e0e0"
            stop-opacity="1"
          >
            <animate
              attributeName="offset"
              dur="2s"
              keyTimes="0; 0.25; 1"
              repeatCount="indefinite"
              values="-1; -1; 2"
            />
          </stop>
          <stop
            offset="100%"
            stop-color="#f0f0f0"
            stop-opacity="1"
          >
            <animate
              attributeName="offset"
              dur="2s"
              keyTimes="0; 0.25; 1"
              repeatCount="indefinite"
              values="0; 0; 3"
            />
          </stop>
        </lineargradient>
      </defs>
    </svg>
  </div>
</div>
`;
